read 20 points
33.58, -6.72
43.91, -11.88
33.76, 5.65
This is a triangle
