read 20 points
31.74, -38.37
22.81, -40.99
18.92, -33.07
This is a triangle
