read 9 points
0.00, 0.00
0.00, 0.00
0.00, 0.00
This is not a triangle
