read 20 points
31.74, -38.37
31.74, -38.37
22.81, -40.99
This is not a triangle
