read 20 points
31.00, -38.00
22.00, -40.00
18.00, -33.00
This is a triangle
