read 2 points
1.00, 2.00
3.00, 4.00
This is not a triangle
