usage: gen_points.py [-h] [-N N] [-mindist MINDIST] [-rseed RSEED]
gen_points.py: error: argument -mindist: invalid float value: ''
